nohup: ignoring input
usage: train_pplr.py [-h] [-d DATASET] [-b BATCH_SIZE] [-j WORKERS]
                     [-n NUM_INSTANCES] [--height HEIGHT] [--width WIDTH]
                     [--data-dir PATH] [--logs-dir PATH] --resume PATH
                     [--seed SEED] [--print-freq PRINT_FREQ]
                     [--eval-step EVAL_STEP]
                     [--labled-in-centroid LABLED_IN_CENTROID] [--part PART]
                     [--k K] [--beta BETA] [--aals-epoch AALS_EPOCH] [--lr LR]
                     [--weight-decay WEIGHT_DECAY] [--epochs EPOCHS]
                     [--iters ITERS] [--step-size STEP_SIZE] [--k1 K1]
                     [--k2 K2] [--eps EPS]
                     [--include_lb_to_ulb INCLUDE_LB_TO_ULB]
                     [--lb_imb_ratio LB_IMB_RATIO]
                     [--ulb_imb_ratio ULB_IMB_RATIO]
                     [--ulb_num_labels ULB_NUM_LABELS] [--uratio URATIO]
                     [--ulb_loss_ratio ULB_LOSS_RATIO] [-nl NUM_LABELS]
                     [-alg ALGORITHM] [-nc NUM_CLASSES]
train_pplr.py: error: unrecognized arguments: n
Traceback (most recent call last):
  File "train_pplr.py", line 20, in <module>
    from pplr import datasets
  File "/teamspace/studios/this_studio/PPLR/pplr/__init__.py", line 7, in <module>
    from . import evaluators
  File "/teamspace/studios/this_studio/PPLR/pplr/evaluators.py", line 13, in <module>
    import matplotlib.pyplot as plt
  File "/home/zeus/miniconda3/envs/cloudspace/lib/python3.8/site-packages/matplotlib/pyplot.py", line 55, in <module>
    from matplotlib import rcsetup, style
  File "/home/zeus/miniconda3/envs/cloudspace/lib/python3.8/site-packages/matplotlib/style/__init__.py", line 1, in <module>
    from .core import available, context, library, reload_library, use
  File "/home/zeus/miniconda3/envs/cloudspace/lib/python3.8/site-packages/matplotlib/style/core.py", line 271, in <module>
    _base_library = read_style_directory(BASE_LIBRARY_PATH)
  File "/home/zeus/miniconda3/envs/cloudspace/lib/python3.8/site-packages/matplotlib/style/core.py", line 238, in read_style_directory
    for path in Path(style_dir).glob(f"*.{STYLE_EXTENSION}"):
  File "/home/zeus/miniconda3/envs/cloudspace/lib/python3.8/pathlib.py", line 1139, in glob
    selector = _make_selector(tuple(pattern_parts), self._flavour)
  File "/home/zeus/miniconda3/envs/cloudspace/lib/python3.8/pathlib.py", line 473, in _make_selector
    return cls(pat, child_parts, flavour)
  File "/home/zeus/miniconda3/envs/cloudspace/lib/python3.8/pathlib.py", line 529, in __init__
    self.match = flavour.compile_pattern(pat)
  File "/home/zeus/miniconda3/envs/cloudspace/lib/python3.8/pathlib.py", line 315, in compile_pattern
    return re.compile(fnmatch.translate(pattern)).fullmatch
  File "/home/zeus/miniconda3/envs/cloudspace/lib/python3.8/re.py", line 252, in compile
    return _compile(pattern, flags)
  File "/home/zeus/miniconda3/envs/cloudspace/lib/python3.8/re.py", line 304, in _compile
    p = sre_compile.compile(pattern, flags)
  File "/home/zeus/miniconda3/envs/cloudspace/lib/python3.8/sre_compile.py", line 775, in compile
    groupindex = p.state.groupdict
KeyboardInterrupt
